
Running 1 test using 1 worker

[1A[2K[1/1] [chromium] ΓÇ║ tests\pagination-stability.spec.ts:17:1 ΓÇ║ pagination stability: no words are skipped when paging forward and back
[1A[2K[chromium] ΓÇ║ tests\pagination-stability.spec.ts:17:1 ΓÇ║ pagination stability: no words are skipped when paging forward and back
Initial range: 4000-4799

[1A[2KPage 1 forward: 4800-5599

[1A[2KPage 2 forward: 5600-6399

[1A[2KPage 3 forward: 6400-7199

[1A[2KPage 4 forward: 7200-7999

[1A[2KPage 5 forward: 8000-8799

[1A[2K  1) [chromium] ΓÇ║ tests\pagination-stability.spec.ts:17:1 ΓÇ║ pagination stability: no words are skipped when paging forward and back 

    Error: Expected end 7999, but got 8799

    Call Log:
    - Timeout 5000ms exceeded while waiting on the predicate

      89 |       if (newRange.end === lastStart - 1) return true;
      90 |       throw new Error(`Expected end ${lastStart - 1}, but got ${newRange.end}`);
    > 91 |     }).toPass({ timeout: 5000 });
         |        ^
      92 |
      93 |     currentRange = await getRange();
      94 |     console.log(`Page ${i + 1} backward: ${currentRange.start}-${currentRange.end}`);
        at C:\Users\andre\src\epub_speedread\epub_speedread\tests\pagination-stability.spec.ts:91:8

    Error Context: test-results\pagination-stability-pagin-662e3-hen-paging-forward-and-back-chromium\error-context.md


[1A[2K  1 failed
    [chromium] ΓÇ║ tests\pagination-stability.spec.ts:17:1 ΓÇ║ pagination stability: no words are skipped when paging forward and back 
